// Vitest Snapshot v1, https://vitest.dev/guide/snapshot.html

exports[`BuildInfo > should render the build version in a table 1`] = `
<style
  data-mantine-styles="true"
>
  




</style>
`;
