// Vitest Snapshot v1, https://vitest.dev/guide/snapshot.html

exports[`Configuration > should render the configuration in a table 1`] = `
<style
  data-mantine-styles="true"
>
  




</style>
`;
