// Vitest Snapshot v1, https://vitest.dev/guide/snapshot.html

exports[`ServerInfo > should render the server info in a table 1`] = `
<style
  data-mantine-styles="true"
>
  




</style>
`;
