// Vitest Snapshot v1, https://vitest.dev/guide/snapshot.html

exports[`StageDefinition > should render the stage definition in a table 1`] = `
<style
  data-mantine-styles="true"
>
  




</style>
`;
